{
'project:PHPExcel_1.7.9_doc/Classes/PHPExcel/Calculation.php':[
2849,
],
'project:PHPExcel_1.7.9_doc/Classes/PHPExcel/Calculation/DateTime.php':[
648,
1192,
],
'project:PHPExcel_1.7.9_doc/Classes/PHPExcel/Calculation/Engineering.php':[
2299,
],
'project:PHPExcel_1.7.9_doc/Classes/PHPExcel/Calculation/Financial.php':[
1842,
1845,
],
'project:PHPExcel_1.7.9_doc/Classes/PHPExcel/Calculation/FormulaParser.php':[
530,
],
'project:PHPExcel_1.7.9_doc/Classes/PHPExcel/Calculation/LookupRef.php':[
779,
781,
],
'project:PHPExcel_1.7.9_doc/Classes/PHPExcel/Cell.php':[
297,
],
'project:PHPExcel_1.7.9_doc/Classes/PHPExcel/Reader/Excel2007.php':[
1442,
1880,
],
'project:PHPExcel_1.7.9_doc/Classes/PHPExcel/Reader/Excel5.php':[
6022,
],
'project:PHPExcel_1.7.9_doc/Classes/PHPExcel/Reader/OOCalc.php':[
90,
],
'project:PHPExcel_1.7.9_doc/Classes/PHPExcel/ReferenceHelper.php':[
573,
574,
575,
],
'project:PHPExcel_1.7.9_doc/Classes/PHPExcel/Shared/JAMA/Matrix.php':[
999,
],
'project:PHPExcel_1.7.9_doc/Classes/PHPExcel/Shared/PCLZip/pclzip.lib.php':[
979,
1045,
1795,
1795,
1965,
1965,
2800,
4546,
],
'project:PHPExcel_1.7.9_doc/Classes/PHPExcel/Shared/trend/bestFitClass.php':[
420,
],
'project:PHPExcel_1.7.9_doc/Classes/PHPExcel/Shared/trend/trendClass.php':[
95,
],
'project:PHPExcel_1.7.9_doc/Classes/PHPExcel/Writer/Excel5/Worksheet.php':[
1029,
1074,
1133,
1294,
1442,
1825,
],
'project:PHP_CodeSniffer/CodeSniffer.php':[
1320,
],
'project:PHP_CodeSniffer/CodeSniffer/Reports/Json.php':[
53,
],
'project:PHP_CodeSniffer/CodeSniffer/Standards/Generic/Sniffs/PHP/NoSilencedErrorsSniff.php':[
67,
],
'project:PHP_CodeSniffer/CodeSniffer/Standards/PEAR/Sniffs/NamingConventions/ValidClassNameSniff.php':[
77,
],
'project:PHP_CodeSniffer/CodeSniffer/Standards/PEAR/Sniffs/NamingConventions/ValidFunctionNameSniff.php':[
267,
],
'project:PHP_CodeSniffer/CodeSniffer/Standards/Squiz/Sniffs/Commenting/InlineCommentSniff.php':[
202,
],
'project:PHP_CodeSniffer/CodeSniffer/Standards/Squiz/Sniffs/ControlStructures/ForLoopDeclarationSniff.php':[
124,
],
'project:PHP_CodeSniffer/CodeSniffer/Standards/Squiz/Sniffs/NamingConventions/ValidVariableNameSniff.php':[
84,
],
'project:PHP_CodeSniffer/CodeSniffer/Tokenizers/JS.php':[
881,
],
'project:symfony/Symfony/Bundle/FrameworkBundle/Tests/Controller/ControllerNameParserTest.php':[
112,
],
'project:symfony/Symfony/Bundle/FrameworkBundle/Tests/Functional/SessionTest.php':[
65,
],
'project:symfony/Symfony/Component/BrowserKit/Tests/CookieJarTest.php':[
29,
],
'project:symfony/Symfony/Component/Console/Tests/ApplicationTest.php':[
154,
],
'project:symfony/Symfony/Component/Console/Tests/Helper/DialogHelperTest.php':[
41,
],
'project:symfony/Symfony/Component/DependencyInjection/Tests/Dumper/GraphvizDumperTest.php':[
28,
],
'project:symfony/Symfony/Component/DependencyInjection/Tests/Dumper/PhpDumperTest.php':[
31,
],
'project:symfony/Symfony/Component/DependencyInjection/Tests/Dumper/XmlDumperTest.php':[
28,
33,
],
'project:symfony/Symfony/Component/DependencyInjection/Tests/Dumper/YamlDumperTest.php':[
28,
33,
],
'project:symfony/Symfony/Component/DomCrawler/FormFieldRegistry.php':[
48,
],
'project:symfony/Symfony/Component/DomCrawler/Tests/Field/FileFormFieldTest.php':[
27,
35,
],
'project:symfony/Symfony/Component/DomCrawler/Tests/Field/InputFormFieldTest.php':[
27,
35,
43,
],
'project:symfony/Symfony/Component/DomCrawler/Tests/Field/TextareaFormFieldTest.php':[
27,
],
'project:symfony/Symfony/Component/DomCrawler/Tests/FormTest.php':[
792,
],
'project:symfony/Symfony/Component/HttpFoundation/AcceptHeaderItem.php':[
81,
],
'project:symfony/Symfony/Component/HttpFoundation/Request.php':[
1763,
],
'project:symfony/Symfony/Component/HttpKernel/Fragment/InlineFragmentRenderer.php':[
83,
],
'project:symfony/Symfony/Component/HttpKernel/Tests/DependencyInjection/ContainerAwareHttpKernelTest.php':[
95,
],
'project:symfony/Symfony/Component/HttpKernel/Tests/HttpCache/StoreTest.php':[
196,
],
'project:symfony/Symfony/Component/Process/Process.php':[
1063,
1070,
1073,
],
'project:symfony/Symfony/Component/Routing/Tests/Matcher/Dumper/PhpMatcherDumperTest.php':[
170,
],
'project:symfony/Symfony/Component/Security/Acl/Tests/Dbal/MutableAclProviderTest.php':[
126,
],
'project:symfony/Symfony/Component/Security/Core/Tests/Authentication/AuthenticationProviderManagerTest.php':[
101,
108,
],
}
