{
'project:PHPExcel_1.7.9_doc/Classes/PHPExcel/Calculation/Financial.php':[
543,
],
'project:PHPExcel_1.7.9_doc/Classes/PHPExcel/Reader/Excel2007.php':[
248,
],
'project:PHPExcel_1.7.9_doc/Classes/PHPExcel/Reader/Excel5.php':[
6585,
],
'project:PHPExcel_1.7.9_doc/Classes/PHPExcel/Shared/JAMA/Matrix.php':[
896,
],
'project:symfony/Symfony/Component/DependencyInjection/Tests/Fixtures/containers/interfaces1.php':[
15,
],
}
