{
'project:PHPExcel_1.7.9_doc/Classes/PHPExcel/Calculation/LookupRef.php':[
116,
191,
],
'project:PHPExcel_1.7.9_doc/Classes/PHPExcel/Reader/OOCalc.php':[
463,
],
'project:symfony/Symfony/Bridge/Doctrine/Form/DoctrineOrmTypeGuesser.php':[
164,
],
'project:symfony/Symfony/Component/Console/Helper/DialogHelper.php':[
460,
],
'project:symfony/Symfony/Component/Security/Core/User/ChainUserProvider.php':[
47,
],
'project:symfony/Symfony/Component/Security/Http/Firewall/ContextListener.php':[
156,
],
'project:symfony/Symfony/Component/Templating/Loader/ChainLoader.php':[
76,
],
}
