{
'project:PHPExcel_1.7.9_doc/Classes/PHPExcel.php':[
32,
],
'project:PHPExcel_1.7.9_doc/Classes/PHPExcel/Autoloader.php':[
82,
],
'project:PHPExcel_1.7.9_doc/Classes/PHPExcel/Calculation.php':[
35,
],
'project:PHPExcel_1.7.9_doc/Classes/PHPExcel/Calculation/Database.php':[
35,
],
'project:PHPExcel_1.7.9_doc/Classes/PHPExcel/Calculation/DateTime.php':[
35,
],
'project:PHPExcel_1.7.9_doc/Classes/PHPExcel/Calculation/Engineering.php':[
35,
],
'project:PHPExcel_1.7.9_doc/Classes/PHPExcel/Calculation/Financial.php':[
35,
],
'project:PHPExcel_1.7.9_doc/Classes/PHPExcel/Calculation/Functions.php':[
35,
],
'project:PHPExcel_1.7.9_doc/Classes/PHPExcel/Calculation/Logical.php':[
35,
],
'project:PHPExcel_1.7.9_doc/Classes/PHPExcel/Calculation/LookupRef.php':[
35,
],
'project:PHPExcel_1.7.9_doc/Classes/PHPExcel/Calculation/MathTrig.php':[
35,
],
'project:PHPExcel_1.7.9_doc/Classes/PHPExcel/Calculation/Statistical.php':[
35,
39,
],
'project:PHPExcel_1.7.9_doc/Classes/PHPExcel/Calculation/TextData.php':[
35,
],
'project:PHPExcel_1.7.9_doc/Classes/PHPExcel/Cell/AdvancedValueBinder.php':[
35,
],
'project:PHPExcel_1.7.9_doc/Classes/PHPExcel/Cell/DefaultValueBinder.php':[
35,
],
'project:PHPExcel_1.7.9_doc/Classes/PHPExcel/Chart/Renderer/jpgraph.php':[
30,
539,
550,
561,
572,
573,
574,
585,
596,
598,
671,
682,
693,
704,
705,
706,
707,
708,
],
'project:PHPExcel_1.7.9_doc/Classes/PHPExcel/IOFactory.php':[
35,
],
'project:PHPExcel_1.7.9_doc/Classes/PHPExcel/Reader/CSV.php':[
35,
],
'project:PHPExcel_1.7.9_doc/Classes/PHPExcel/Reader/DefaultReadFilter.php':[
35,
],
'project:PHPExcel_1.7.9_doc/Classes/PHPExcel/Reader/Excel2003XML.php':[
35,
],
'project:PHPExcel_1.7.9_doc/Classes/PHPExcel/Reader/Excel2007.php':[
35,
],
'project:PHPExcel_1.7.9_doc/Classes/PHPExcel/Reader/Excel5.php':[
66,
],
'project:PHPExcel_1.7.9_doc/Classes/PHPExcel/Reader/Gnumeric.php':[
35,
],
'project:PHPExcel_1.7.9_doc/Classes/PHPExcel/Reader/HTML.php':[
35,
],
'project:PHPExcel_1.7.9_doc/Classes/PHPExcel/Reader/OOCalc.php':[
35,
],
'project:PHPExcel_1.7.9_doc/Classes/PHPExcel/Reader/SYLK.php':[
35,
],
'project:PHPExcel_1.7.9_doc/Classes/PHPExcel/Settings.php':[
34,
],
'project:PHPExcel_1.7.9_doc/Classes/PHPExcel/Shared/JAMA/Matrix.php':[
12,
],
'project:PHPExcel_1.7.9_doc/Classes/PHPExcel/Shared/ZipArchive.php':[
31,
],
'project:PHPExcel_1.7.9_doc/Classes/PHPExcel/Shared/trend/exponentialBestFitClass.php':[
29,
],
'project:PHPExcel_1.7.9_doc/Classes/PHPExcel/Shared/trend/linearBestFitClass.php':[
29,
],
'project:PHPExcel_1.7.9_doc/Classes/PHPExcel/Shared/trend/logarithmicBestFitClass.php':[
29,
],
'project:PHPExcel_1.7.9_doc/Classes/PHPExcel/Shared/trend/polynomialBestFitClass.php':[
29,
30,
],
'project:PHPExcel_1.7.9_doc/Classes/PHPExcel/Shared/trend/powerBestFitClass.php':[
29,
],
'project:PHPExcel_1.7.9_doc/Classes/PHPExcel/Shared/trend/trendClass.php':[
29,
30,
31,
32,
33,
],
'project:PHPExcel_1.7.9_doc/Classes/PHPExcel/Writer/PDF/DomPDF.php':[
32,
],
'project:PHPExcel_1.7.9_doc/Classes/PHPExcel/Writer/PDF/mPDF.php':[
32,
],
'project:PHPExcel_1.7.9_doc/Classes/PHPExcel/Writer/PDF/tcPDF.php':[
33,
],
'project:PHPExcel_1.7.9_doc/Examples/01pharSimple.php':[
37,
],
'project:PHPExcel_1.7.9_doc/Examples/01simple-download-pdf.php':[
38,
],
'project:PHPExcel_1.7.9_doc/Examples/01simple-download-xls.php':[
38,
],
'project:PHPExcel_1.7.9_doc/Examples/01simple-download-xlsx.php':[
38,
],
'project:PHPExcel_1.7.9_doc/Examples/01simple.php':[
37,
],
'project:PHPExcel_1.7.9_doc/Examples/02types-xls.php':[
37,
],
'project:PHPExcel_1.7.9_doc/Examples/02types.php':[
37,
],
'project:PHPExcel_1.7.9_doc/Examples/03formulas.php':[
37,
],
'project:PHPExcel_1.7.9_doc/Examples/04printing.php':[
38,
],
'project:PHPExcel_1.7.9_doc/Examples/05featuredemo.inc.php':[
32,
],
'project:PHPExcel_1.7.9_doc/Examples/05featuredemo.php':[
37,
40,
],
'project:PHPExcel_1.7.9_doc/Examples/06largescale-with-cellcaching-sqlite.php':[
38,
],
'project:PHPExcel_1.7.9_doc/Examples/06largescale-with-cellcaching-sqlite3.php':[
38,
],
'project:PHPExcel_1.7.9_doc/Examples/06largescale-with-cellcaching.php':[
38,
],
'project:PHPExcel_1.7.9_doc/Examples/06largescale-xls.php':[
38,
],
'project:PHPExcel_1.7.9_doc/Examples/06largescale.php':[
38,
],
'project:PHPExcel_1.7.9_doc/Examples/07reader.php':[
37,
],
'project:PHPExcel_1.7.9_doc/Examples/08conditionalformatting.php':[
38,
],
'project:PHPExcel_1.7.9_doc/Examples/08conditionalformatting2.php':[
38,
],
'project:PHPExcel_1.7.9_doc/Examples/09pagebreaks.php':[
38,
],
'project:PHPExcel_1.7.9_doc/Examples/10autofilter-selection-1.php':[
37,
],
'project:PHPExcel_1.7.9_doc/Examples/10autofilter-selection-2.php':[
37,
],
'project:PHPExcel_1.7.9_doc/Examples/10autofilter-selection-display.php':[
37,
],
'project:PHPExcel_1.7.9_doc/Examples/10autofilter.php':[
38,
],
'project:PHPExcel_1.7.9_doc/Examples/11documentsecurity-xls.php':[
38,
],
'project:PHPExcel_1.7.9_doc/Examples/11documentsecurity.php':[
38,
],
'project:PHPExcel_1.7.9_doc/Examples/12cellProtection.php':[
38,
],
'project:PHPExcel_1.7.9_doc/Examples/13calculation.php':[
39,
],
'project:PHPExcel_1.7.9_doc/Examples/14excel5.php':[
37,
40,
],
'project:PHPExcel_1.7.9_doc/Examples/15datavalidation-xls.php':[
39,
],
'project:PHPExcel_1.7.9_doc/Examples/15datavalidation.php':[
39,
],
'project:PHPExcel_1.7.9_doc/Examples/16csv.php':[
38,
41,
],
'project:PHPExcel_1.7.9_doc/Examples/17html.php':[
38,
41,
],
'project:PHPExcel_1.7.9_doc/Examples/18extendedcalculation.php':[
39,
],
'project:PHPExcel_1.7.9_doc/Examples/19namedrange.php':[
39,
],
'project:PHPExcel_1.7.9_doc/Examples/20readexcel5.php':[
39,
],
'project:PHPExcel_1.7.9_doc/Examples/21pdf.php':[
38,
41,
],
'project:PHPExcel_1.7.9_doc/Examples/22heavilyformatted.php':[
39,
],
'project:PHPExcel_1.7.9_doc/Examples/23sharedstyles.php':[
39,
],
'project:PHPExcel_1.7.9_doc/Examples/24readfilter.php':[
37,
],
'project:PHPExcel_1.7.9_doc/Examples/25inmemoryimage.php':[
38,
],
'project:PHPExcel_1.7.9_doc/Examples/26utf8.php':[
38,
],
'project:PHPExcel_1.7.9_doc/Examples/27imagesexcel5.php':[
38,
],
'project:PHPExcel_1.7.9_doc/Examples/28iterator.php':[
38,
],
'project:PHPExcel_1.7.9_doc/Examples/29advancedvaluebinder.php':[
36,
],
'project:PHPExcel_1.7.9_doc/Examples/30template.php':[
38,
],
'project:PHPExcel_1.7.9_doc/Examples/31docproperties_write-xls.php':[
38,
],
'project:PHPExcel_1.7.9_doc/Examples/31docproperties_write.php':[
38,
],
'project:PHPExcel_1.7.9_doc/Examples/32chartreadwrite.php':[
43,
],
'project:PHPExcel_1.7.9_doc/Examples/33chartcreate-area.php':[
40,
],
'project:PHPExcel_1.7.9_doc/Examples/33chartcreate-bar-stacked.php':[
40,
],
'project:PHPExcel_1.7.9_doc/Examples/33chartcreate-bar.php':[
40,
],
'project:PHPExcel_1.7.9_doc/Examples/33chartcreate-column-2.php':[
40,
],
'project:PHPExcel_1.7.9_doc/Examples/33chartcreate-column.php':[
40,
],
'project:PHPExcel_1.7.9_doc/Examples/33chartcreate-composite.php':[
40,
],
'project:PHPExcel_1.7.9_doc/Examples/33chartcreate-line.php':[
40,
],
'project:PHPExcel_1.7.9_doc/Examples/33chartcreate-multiple-charts.php':[
40,
],
'project:PHPExcel_1.7.9_doc/Examples/33chartcreate-pie.php':[
40,
],
'project:PHPExcel_1.7.9_doc/Examples/33chartcreate-radar.php':[
40,
],
'project:PHPExcel_1.7.9_doc/Examples/33chartcreate-scatter.php':[
40,
],
'project:PHPExcel_1.7.9_doc/Examples/34chartupdate.php':[
40,
],
'project:PHPExcel_1.7.9_doc/Examples/35chartrender.php':[
43,
],
'project:PHPExcel_1.7.9_doc/Examples/36chartreadwriteHTML.php':[
43,
],
'project:PHPExcel_1.7.9_doc/Examples/36chartreadwritePDF.php':[
43,
],
'project:PHPExcel_1.7.9_doc/Examples/37page_layout_view.php':[
37,
],
'project:PHPExcel_1.7.9_doc/Examples/40duplicateStyle.php':[
13,
],
'project:PHPExcel_1.7.9_doc/Examples/Excel2003XMLReader.php':[
34,
],
'project:PHPExcel_1.7.9_doc/Examples/GnumericReader.php':[
34,
],
'project:PHPExcel_1.7.9_doc/Examples/OOCalcReader.php':[
34,
],
'project:PHPExcel_1.7.9_doc/Examples/Quadratic.php':[
15,
],
'project:PHPExcel_1.7.9_doc/Examples/Quadratic2.php':[
15,
],
'project:PHPExcel_1.7.9_doc/Examples/SylkReader.php':[
34,
],
'project:PHPExcel_1.7.9_doc/Examples/XMLReader.php':[
34,
],
'project:PHPMailer/PHPMailerAutoload.php':[
29,
],
'project:PHPMailer/class.phpmailer.php':[
572,
1389,
2872,
],
'project:PHPMailer/class.smtp.php':[
341,
],
'project:PHPMailer/test/bootstrap.php':[
2,
4,
],
'project:PHPMailer/test/phpmailerLangTest.php':[
16,
17,
64,
],
'project:PHPMailer/test/phpmailerTest.php':[
16,
17,
72,
919,
],
'project:PHP_CodeSniffer/CodeSniffer.php':[
270,
273,
278,
284,
1008,
2171,
],
'project:PHP_CodeSniffer/CodeSniffer/CLI.php':[
16,
18,
],
'project:PHP_CodeSniffer/CodeSniffer/Reporting.php':[
18,
20,
],
'project:PHP_CodeSniffer/tests/AllTests.php':[
20,
22,
27,
28,
29,
31,
32,
33,
],
'project:PHP_CodeSniffer/tests/Core/AllTests.php':[
16,
17,
18,
22,
24,
],
'project:PHP_CodeSniffer/tests/Standards/AllSniffs.php':[
18,
112,
],
'project:PHP_CodeSniffer/tests/TestSuite.php':[
17,
],
'project:stackphp-0.5beta1-source/examples/src/auth_explicit.php':[
7,
8,
],
'project:stackphp-0.5beta1-source/examples/src/auth_implicit.php':[
9,
10,
],
'project:stackphp-0.5beta1-source/examples/src/config.php':[
6,
7,
8,
],
'project:stackphp-0.5beta1-source/examples/src/error_handling.php':[
6,
],
'project:stackphp-0.5beta1-source/examples/src/simple_api.php':[
6,
],
'project:stackphp-0.5beta1-source/examples/src/site_list.php':[
8,
9,
],
'project:stackphp-0.5beta1-source/examples/src/user_info.php':[
6,
7,
],
'project:stackphp-0.5beta1-source/examples/src/user_list.php':[
6,
7,
],
'project:stackphp-0.5beta1-source/examples/src/user_questions.php':[
9,
],
'project:stackphp-0.5beta1-source/examples/src/user_search.php':[
6,
],
'project:stackphp-0.5beta1-source/src/api.php':[
42,
43,
44,
45,
46,
47,
48,
],
'project:stackphp-0.5beta1-source/src/auth.php':[
3,
4,
],
'project:stackphp-0.5beta1-source/src/badge_request.php':[
3,
],
'project:stackphp-0.5beta1-source/src/combobox_output.php':[
3,
],
'project:stackphp-0.5beta1-source/src/event_request.php':[
3,
],
'project:stackphp-0.5beta1-source/src/filestore_cache.php':[
3,
4,
],
'project:stackphp-0.5beta1-source/src/filter.php':[
3,
],
'project:stackphp-0.5beta1-source/src/inbox_item_request.php':[
3,
],
'project:stackphp-0.5beta1-source/src/output_helper.php':[
3,
4,
5,
6,
],
'project:stackphp-0.5beta1-source/src/paged_request.php':[
3,
4,
],
'project:stackphp-0.5beta1-source/src/paged_response.php':[
3,
4,
5,
6,
],
'project:stackphp-0.5beta1-source/src/paged_site_response.php':[
5,
6,
7,
],
'project:stackphp-0.5beta1-source/src/post_request.php':[
3,
4,
],
'project:stackphp-0.5beta1-source/src/question_request.php':[
3,
],
'project:stackphp-0.5beta1-source/src/site.php':[
3,
4,
5,
6,
7,
8,
9,
10,
11,
12,
13,
],
'project:stackphp-0.5beta1-source/src/sql_cache.php':[
3,
4,
5,
],
'project:stackphp-0.5beta1-source/src/suggested_edit_request.php':[
3,
],
'project:stackphp-0.5beta1-source/src/table_column.php':[
3,
],
'project:stackphp-0.5beta1-source/src/table_output.php':[
3,
4,
5,
],
'project:stackphp-0.5beta1-source/src/tag_request.php':[
3,
4,
5,
6,
],
'project:stackphp-0.5beta1-source/src/tag_synonym_request.php':[
3,
],
'project:stackphp-0.5beta1-source/src/url.php':[
3,
4,
],
'project:stackphp-0.5beta1-source/src/user_request.php':[
3,
4,
5,
6,
7,
8,
],
'project:stackphp-0.5beta1-source/tests/api_test.php':[
8,
9,
],
'project:stackphp-0.5beta1-source/tests/cache_test.php':[
9,
10,
11,
12,
],
'project:stackphp-0.5beta1-source/tests/filter_test.php':[
8,
9,
10,
],
'project:stackphp-0.5beta1-source/tests/global_test.php':[
9,
10,
],
'project:stackphp-0.5beta1-source/tests/question_test.php':[
8,
9,
10,
11,
],
'project:stackphp-0.5beta1-source/tests/run_tests.php':[
11,
45,
],
'project:stackphp-0.5beta1-source/tests/test.php':[
8,
],
'project:stackphp-0.5beta1-source/tests/url_test.php':[
9,
10,
11,
12,
],
'project:stackphp-0.5beta1-source/tests/user_test.php':[
8,
9,
10,
11,
],
'project:symfony/Symfony/Bridge/Doctrine/Tests/bootstrap.php':[
12,
],
'project:symfony/Symfony/Bridge/ProxyManager/Tests/LazyProxy/ContainerBuilderTest.php':[
14,
],
'project:symfony/Symfony/Bridge/ProxyManager/Tests/LazyProxy/Dumper/PhpDumperTest.php':[
52,
],
'project:symfony/Symfony/Bundle/FrameworkBundle/Command/CacheClearCommand.php':[
208,
],
'project:symfony/Symfony/Bundle/FrameworkBundle/Resources/config/router_dev.php':[
30,
],
'project:symfony/Symfony/Bundle/FrameworkBundle/Resources/config/router_prod.php':[
30,
],
'project:symfony/Symfony/Bundle/FrameworkBundle/Templating/Loader/TemplateLocator.php':[
36,
],
'project:symfony/Symfony/Bundle/FrameworkBundle/Test/WebTestCase.php':[
147,
],
'project:symfony/Symfony/Bundle/FrameworkBundle/Tests/DependencyInjection/FrameworkExtensionTest.php':[
289,
],
'project:symfony/Symfony/Bundle/FrameworkBundle/Tests/Functional/WebTestCase.php':[
38,
],
'project:symfony/Symfony/Bundle/FrameworkBundle/Tests/Functional/app/AppKernel.php':[
21,
26,
31,
74,
],
'project:symfony/Symfony/Bundle/FrameworkBundle/Translation/Translator.php':[
139,
],
'project:symfony/Symfony/Bundle/SecurityBundle/Tests/Functional/WebTestCase.php':[
38,
],
'project:symfony/Symfony/Bundle/SecurityBundle/Tests/Functional/app/AppKernel.php':[
21,
26,
31,
74,
],
'project:symfony/Symfony/Component/ClassLoader/ApcClassLoader.php':[
107,
],
'project:symfony/Symfony/Component/ClassLoader/ClassCollectionLoader.php':[
91,
],
'project:symfony/Symfony/Component/ClassLoader/ClassLoader.php':[
152,
],
'project:symfony/Symfony/Component/ClassLoader/DebugClassLoader.php':[
108,
],
'project:symfony/Symfony/Component/ClassLoader/DebugUniversalClassLoader.php':[
56,
],
'project:symfony/Symfony/Component/ClassLoader/MapClassLoader.php':[
51,
],
'project:symfony/Symfony/Component/ClassLoader/Tests/ClassCollectionLoaderTest.php':[
16,
17,
18,
19,
31,
109,
110,
111,
112,
113,
210,
],
'project:symfony/Symfony/Component/ClassLoader/UniversalClassLoader.php':[
251,
],
'project:symfony/Symfony/Component/ClassLoader/WinCacheClassLoader.php':[
104,
],
'project:symfony/Symfony/Component/ClassLoader/XcacheClassLoader.php':[
101,
],
'project:symfony/Symfony/Component/Config/Tests/Definition/Builder/TreeBuilderTest.php':[
18,
19,
20,
],
'project:symfony/Symfony/Component/Console/Tests/ApplicationTest.php':[
40,
41,
42,
43,
44,
45,
46,
47,
],
'project:symfony/Symfony/Component/Console/Tests/Command/CommandTest.php':[
33,
],
'project:symfony/Symfony/Component/Console/Tests/Command/ListCommandTest.php':[
53,
],
'project:symfony/Symfony/Component/Debug/DebugClassLoader.php':[
120,
],
'project:symfony/Symfony/Component/Debug/ErrorHandler.php':[
146,
160,
],
'project:symfony/Symfony/Component/Debug/FatalErrorHandler/ClassNotFoundFatalErrorHandler.php':[
160,
],
'project:symfony/Symfony/Component/Debug/Tests/FatalErrorHandler/ClassNotFoundFatalErrorHandlerTest.php':[
91,
],
'project:symfony/Symfony/Component/DependencyInjection/ContainerBuilder.php':[
943,
],
'project:symfony/Symfony/Component/DependencyInjection/Loader/PhpFileLoader.php':[
42,
],
'project:symfony/Symfony/Component/DependencyInjection/Tests/ContainerBuilderTest.php':[
14,
15,
],
'project:symfony/Symfony/Component/DependencyInjection/Tests/CrossCheckTest.php':[
25,
26,
],
'project:symfony/Symfony/Component/DependencyInjection/Tests/Dumper/GraphvizDumperTest.php':[
32,
36,
40,
54,
61,
],
'project:symfony/Symfony/Component/DependencyInjection/Tests/Dumper/PhpDumperTest.php':[
94,
102,
107,
137,
163,
164,
175,
176,
177,
],
'project:symfony/Symfony/Component/DependencyInjection/Tests/Dumper/XmlDumperTest.php':[
38,
45,
52,
69,
90,
],
'project:symfony/Symfony/Component/DependencyInjection/Tests/Dumper/YamlDumperTest.php':[
38,
45,
],
'project:symfony/Symfony/Component/DependencyInjection/Tests/Fixtures/containers/container10.php':[
3,
],
'project:symfony/Symfony/Component/DependencyInjection/Tests/Fixtures/containers/container9.php':[
3,
],
'project:symfony/Symfony/Component/DependencyInjection/Tests/Fixtures/php/services9.php':[
209,
],
'project:symfony/Symfony/Component/DependencyInjection/Tests/Fixtures/php/services9_compiled.php':[
224,
],
'project:symfony/Symfony/Component/DependencyInjection/Tests/Loader/XmlFileLoaderTest.php':[
34,
35,
36,
357,
],
'project:symfony/Symfony/Component/DependencyInjection/Tests/Loader/YamlFileLoaderTest.php':[
32,
33,
],
'project:symfony/Symfony/Component/HttpKernel/HttpCache/HttpCache.php':[
622,
],
'project:symfony/Symfony/Component/HttpKernel/Kernel.php':[
454,
564,
],
'project:symfony/Symfony/Component/Intl/ResourceBundle/Reader/PhpBundleReader.php':[
51,
],
'project:symfony/Symfony/Component/Intl/Resources/bin/copy-stubs-to-component.php':[
16,
17,
],
'project:symfony/Symfony/Component/Intl/Resources/bin/create-stubs.php':[
22,
23,
],
'project:symfony/Symfony/Component/Intl/Resources/bin/icu-version.php':[
14,
15,
],
'project:symfony/Symfony/Component/Intl/Resources/bin/test-compat.php':[
14,
15,
],
'project:symfony/Symfony/Component/Intl/Resources/bin/update-icu-component.php':[
24,
25,
],
'project:symfony/Symfony/Component/Intl/Resources/bin/util/test-compat-helper.php':[
15,
16,
],
'project:symfony/Symfony/Component/Routing/Loader/PhpFileLoader.php':[
47,
],
'project:symfony/Symfony/Component/Routing/Router.php':[
264,
296,
],
'project:symfony/Symfony/Component/Routing/Tests/Generator/Dumper/PhpGeneratorDumperTest.php':[
63,
84,
99,
110,
124,
],
'project:symfony/Symfony/Component/Security/Acl/Resources/bin/generateSql.php':[
12,
40,
],
'project:symfony/Symfony/Component/Templating/PhpEngine.php':[
160,
],
'project:symfony/Symfony/Component/Translation/Loader/PhpFileLoader.php':[
42,
],
'project:symfony/Symfony/Component/Validator/Tests/Mapping/Loader/StaticMethodLoaderTest.php':[
83,
],
}
